{"seconds": 1.838, "case": "before", "event": "test", "value": "starting real renderer, 96x96, single identical crown fixture"}
{"seconds": 1.862, "case": "before", "event": "console", "value": "Failed to load resource: the server responded with a status of 404 (File not found)"}
{"seconds": 2.943, "case": "before", "event": "console", "value": "begin compileShader undefined"}
{"seconds": 2.943, "case": "before", "event": "console", "value": "end compileShader 1ms"}
{"seconds": 2.943, "case": "before", "event": "console", "value": "begin getShaderParameter 35713"}
{"seconds": 2.944, "case": "before", "event": "console", "value": "end getShaderParameter 5ms"}
{"seconds": 3.449, "case": "before", "event": "console", "value": "GPU ANGLE (Mesa, llvmpipe (LLVM 19.1.7 256 bits), OpenGL ES 3.2)"}
{"seconds": 4.063, "case": "before", "event": "console", "value": "begin compileShader undefined"}
{"seconds": 4.063, "case": "before", "event": "console", "value": "end compileShader 2ms"}
{"seconds": 4.063, "case": "before", "event": "console", "value": "begin getShaderParameter 35713"}
{"seconds": 4.122, "case": "before", "event": "console", "value": "end getShaderParameter 58ms"}
{"seconds": 4.123, "case": "before", "event": "console", "value": "begin linkProgram undefined"}
{"seconds": 4.124, "case": "before", "event": "console", "value": "end linkProgram 0ms"}
{"seconds": 4.124, "case": "before", "event": "console", "value": "begin getProgramParameter 35714"}
{"seconds": 10.921, "case": "before", "event": "console", "value": "end getProgramParameter 6796ms"}
{"seconds": 10.921, "case": "before", "event": "console", "value": "begin getProgramParameter 35718"}
{"seconds": 10.921, "case": "before", "event": "console", "value": "end getProgramParameter 0ms"}
{"seconds": 10.922, "case": "before", "event": "console", "value": "begin getProgramParameter 35718"}
{"seconds": 10.922, "case": "before", "event": "console", "value": "end getProgramParameter 0ms"}
{"seconds": 10.922, "case": "before", "event": "console", "value": "begin getProgramParameter 35718"}
{"seconds": 10.922, "case": "before", "event": "console", "value": "end getProgramParameter 0ms"}
{"seconds": 10.922, "case": "before", "event": "console", "value": "begin getProgramParameter 35718"}
{"seconds": 10.922, "case": "before", "event": "console", "value": "end getProgramParameter 0ms"}
{"seconds": 10.922, "case": "before", "event": "console", "value": "begin getProgramParameter 35718"}
{"seconds": 10.923, "case": "before", "event": "console", "value": "end getProgramParameter 0ms"}
{"seconds": 10.923, "case": "before", "event": "console", "value": "begin getProgramParameter 35718"}
{"seconds": 10.923, "case": "before", "event": "console", "value": "end getProgramParameter 0ms"}
{"seconds": 10.923, "case": "before", "event": "console", "value": "begin getProgramParameter 35718"}
{"seconds": 10.925, "case": "before", "event": "console", "value": "end getProgramParameter 0ms"}
{"seconds": 10.925, "case": "before", "event": "console", "value": "begin getProgramParameter 35718"}
{"seconds": 10.925, "case": "before", "event": "console", "value": "end getProgramParameter 0ms"}
{"seconds": 10.926, "case": "before", "event": "console", "value": "begin getProgramParameter 35718"}
{"seconds": 10.926, "case": "before", "event": "console", "value": "end getProgramParameter 0ms"}
{"seconds": 10.929, "case": "before", "event": "console", "value": "begin getProgramParameter 35718"}
{"seconds": 10.929, "case": "before", "event": "console", "value": "end getProgramParameter 0ms"}
{"seconds": 10.929, "case": "before", "event": "console", "value": "begin getProgramParameter 35718"}
{"seconds": 10.93, "case": "before", "event": "console", "value": "end getProgramParameter 0ms"}
{"seconds": 10.93, "case": "before", "event": "console", "value": "begin getProgramParameter 35718"}
{"seconds": 10.93, "case": "before", "event": "console", "value": "end getProgramParameter 0ms"}
{"seconds": 10.93, "case": "before", "event": "console", "value": "begin getProgramParameter 35718"}
{"seconds": 10.931, "case": "before", "event": "console", "value": "end getProgramParameter 0ms"}
{"seconds": 10.931, "case": "before", "event": "console", "value": "begin getProgramParameter 35718"}
{"seconds": 10.931, "case": "before", "event": "console", "value": "end getProgramParameter 0ms"}
{"seconds": 10.931, "case": "before", "event": "console", "value": "begin getProgramParameter 35718"}
{"seconds": 10.932, "case": "before", "event": "console", "value": "end getProgramParameter 0ms"}
{"seconds": 10.932, "case": "before", "event": "console", "value": "begin getProgramParameter 35718"}
{"seconds": 10.932, "case": "before", "event": "console", "value": "end getProgramParameter 0ms"}
{"seconds": 10.932, "case": "before", "event": "console", "value": "begin getProgramParameter 35718"}
{"seconds": 10.933, "case": "before", "event": "console", "value": "end getProgramParameter 0ms"}
{"seconds": 10.933, "case": "before", "event": "console", "value": "begin getProgramParameter 35718"}
{"seconds": 10.933, "case": "before", "event": "console", "value": "end getProgramParameter 0ms"}
{"seconds": 10.933, "case": "before", "event": "console", "value": "begin getProgramParameter 35718"}
{"seconds": 10.934, "case": "before", "event": "console", "value": "end getProgramParameter 0ms"}
{"seconds": 10.934, "case": "before", "event": "console", "value": "begin getProgramParameter 35718"}
{"seconds": 10.934, "case": "before", "event": "console", "value": "end getProgramParameter 0ms"}
{"seconds": 10.934, "case": "before", "event": "console", "value": "begin getProgramParameter 35718"}
{"seconds": 10.935, "case": "before", "event": "console", "value": "end getProgramParameter 0ms"}
{"seconds": 10.935, "case": "before", "event": "console", "value": "begin getProgramParameter 35718"}
{"seconds": 10.935, "case": "before", "event": "console", "value": "end getProgramParameter 0ms"}
{"seconds": 10.935, "case": "before", "event": "console", "value": "begin getProgramParameter 35718"}
{"seconds": 10.935, "case": "before", "event": "console", "value": "end getProgramParameter 0ms"}
{"seconds": 10.935, "case": "before", "event": "console", "value": "begin getProgramParameter 35718"}
{"seconds": 10.936, "case": "before", "event": "console", "value": "end getProgramParameter 0ms"}
{"seconds": 10.936, "case": "before", "event": "console", "value": "begin getProgramParameter 35718"}
{"seconds": 10.937, "case": "before", "event": "console", "value": "end getProgramParameter 0ms"}
{"seconds": 10.937, "case": "before", "event": "console", "value": "begin getProgramParameter 35718"}
{"seconds": 10.937, "case": "before", "event": "console", "value": "end getProgramParameter 0ms"}
{"seconds": 10.938, "case": "before", "event": "console", "value": "begin getProgramParameter 35718"}
{"seconds": 10.938, "case": "before", "event": "console", "value": "end getProgramParameter 0ms"}
{"seconds": 10.938, "case": "before", "event": "console", "value": "begin getProgramParameter 35718"}
{"seconds": 10.938, "case": "before", "event": "console", "value": "end getProgramParameter 0ms"}
{"seconds": 10.938, "case": "before", "event": "console", "value": "begin getProgramParameter 35718"}
{"seconds": 10.938, "case": "before", "event": "console", "value": "end getProgramParameter 0ms"}
{"seconds": 10.939, "case": "before", "event": "console", "value": "begin getProgramParameter 35718"}
{"seconds": 10.939, "case": "before", "event": "console", "value": "end getProgramParameter 0ms"}
{"seconds": 10.939, "case": "before", "event": "console", "value": "begin getProgramParameter 35718"}
{"seconds": 10.94, "case": "before", "event": "console", "value": "end getProgramParameter 0ms"}
{"seconds": 10.946, "case": "before", "event": "console", "value": "begin getProgramParameter 35718"}
{"seconds": 10.946, "case": "before", "event": "console", "value": "end getProgramParameter 0ms"}
{"seconds": 10.947, "case": "before", "event": "console", "value": "begin getProgramParameter 35718"}
{"seconds": 10.948, "case": "before", "event": "console", "value": "end getProgramParameter 0ms"}
{"seconds": 10.948, "case": "before", "event": "console", "value": "begin getProgramParameter 35718"}
{"seconds": 10.948, "case": "before", "event": "console", "value": "end getProgramParameter 0ms"}
{"seconds": 10.948, "case": "before", "event": "console", "value": "begin getProgramParameter 35718"}
{"seconds": 10.948, "case": "before", "event": "console", "value": "end getProgramParameter 0ms"}
{"seconds": 10.948, "case": "before", "event": "console", "value": "begin getProgramParameter 35718"}
{"seconds": 10.948, "case": "before", "event": "console", "value": "end getProgramParameter 0ms"}
{"seconds": 10.949, "case": "before", "event": "console", "value": "begin getProgramParameter 35718"}
{"seconds": 10.949, "case": "before", "event": "console", "value": "end getProgramParameter 0ms"}
{"seconds": 10.949, "case": "before", "event": "console", "value": "begin getProgramParameter 35718"}
{"seconds": 10.949, "case": "before", "event": "console", "value": "end getProgramParameter 0ms"}
{"seconds": 10.949, "case": "before", "event": "console", "value": "begin getProgramParameter 35718"}
{"seconds": 10.949, "case": "before", "event": "console", "value": "end getProgramParameter 0ms"}
{"seconds": 10.949, "case": "before", "event": "console", "value": "begin getProgramParameter 35718"}
{"seconds": 10.949, "case": "before", "event": "console", "value": "end getProgramParameter 0ms"}
{"seconds": 10.949, "case": "before", "event": "console", "value": "begin getProgramParameter 35718"}
{"seconds": 10.95, "case": "before", "event": "console", "value": "end getProgramParameter 0ms"}
{"seconds": 10.95, "case": "before", "event": "console", "value": "begin getProgramParameter 35718"}
{"seconds": 10.95, "case": "before", "event": "console", "value": "end getProgramParameter 0ms"}
{"seconds": 10.95, "case": "before", "event": "console", "value": "begin getProgramParameter 35718"}
{"seconds": 10.95, "case": "before", "event": "console", "value": "end getProgramParameter 0ms"}
{"seconds": 10.95, "case": "before", "event": "console", "value": "begin getProgramParameter 35718"}
{"seconds": 10.951, "case": "before", "event": "console", "value": "end getProgramParameter 0ms"}
{"seconds": 10.951, "case": "before", "event": "console", "value": "begin getProgramParameter 35718"}
{"seconds": 10.951, "case": "before", "event": "console", "value": "end getProgramParameter 0ms"}
{"seconds": 10.951, "case": "before", "event": "console", "value": "begin getProgramParameter 35718"}
{"seconds": 10.951, "case": "before", "event": "console", "value": "end getProgramParameter 0ms"}
{"seconds": 10.952, "case": "before", "event": "console", "value": "begin getProgramParameter 35718"}
{"seconds": 10.952, "case": "before", "event": "console", "value": "end getProgramParameter 0ms"}
{"seconds": 10.952, "case": "before", "event": "console", "value": "begin getProgramParameter 35718"}
{"seconds": 10.952, "case": "before", "event": "console", "value": "end getProgramParameter 0ms"}
{"seconds": 10.952, "case": "before", "event": "console", "value": "begin getProgramParameter 35718"}
{"seconds": 10.952, "case": "before", "event": "console", "value": "end getProgramParameter 0ms"}
{"seconds": 10.952, "case": "before", "event": "console", "value": "begin getProgramParameter 35718"}
{"seconds": 10.952, "case": "before", "event": "console", "value": "end getProgramParameter 0ms"}
{"seconds": 10.952, "case": "before", "event": "console", "value": "begin drawArrays 0"}
{"seconds": 10.953, "case": "before", "event": "console", "value": "end drawArrays 0ms"}
