{"seconds": 2.129, "case": "live", "event": "test", "value": "starting real renderer, 96x96, single identical crown fixture"}
{"seconds": 2.176, "case": "live", "event": "console", "value": "Failed to load resource: the server responded with a status of 404 (File not found)"}
{"seconds": 3.248, "case": "live", "event": "console", "value": "begin compileShader undefined"}
{"seconds": 3.249, "case": "live", "event": "console", "value": "end compileShader 1ms"}
{"seconds": 3.249, "case": "live", "event": "console", "value": "begin getShaderParameter 35713"}
{"seconds": 3.258, "case": "live", "event": "console", "value": "end getShaderParameter 10ms"}
{"seconds": 3.828, "case": "live", "event": "console", "value": "GPU ANGLE (Mesa, llvmpipe (LLVM 19.1.7 256 bits), OpenGL ES 3.2)"}
{"seconds": 3.853, "case": "live", "event": "console", "value": "begin compileShader undefined"}
{"seconds": 3.853, "case": "live", "event": "console", "value": "end compileShader 1ms"}
{"seconds": 3.853, "case": "live", "event": "console", "value": "begin getShaderParameter 35713"}
{"seconds": 3.933, "case": "live", "event": "console", "value": "end getShaderParameter 77ms"}
{"seconds": 3.933, "case": "live", "event": "console", "value": "begin linkProgram undefined"}
{"seconds": 3.933, "case": "live", "event": "console", "value": "end linkProgram 0ms"}
{"seconds": 3.933, "case": "live", "event": "console", "value": "begin getProgramParameter 35714"}
{"seconds": 20.38, "case": "live", "event": "console", "value": "end getProgramParameter 16443ms"}
{"seconds": 20.381, "case": "live", "event": "console", "value": "begin getProgramParameter 35718"}
{"seconds": 20.381, "case": "live", "event": "console", "value": "end getProgramParameter 1ms"}
{"seconds": 20.382, "case": "live", "event": "console", "value": "begin getProgramParameter 35718"}
{"seconds": 20.382, "case": "live", "event": "console", "value": "end getProgramParameter 3ms"}
{"seconds": 20.382, "case": "live", "event": "console", "value": "begin getProgramParameter 35718"}
{"seconds": 20.383, "case": "live", "event": "console", "value": "end getProgramParameter 0ms"}
{"seconds": 20.384, "case": "live", "event": "console", "value": "begin getProgramParameter 35718"}
{"seconds": 20.384, "case": "live", "event": "console", "value": "end getProgramParameter 0ms"}
{"seconds": 20.384, "case": "live", "event": "console", "value": "begin getProgramParameter 35718"}
{"seconds": 20.384, "case": "live", "event": "console", "value": "end getProgramParameter 0ms"}
{"seconds": 20.384, "case": "live", "event": "console", "value": "begin getProgramParameter 35718"}
{"seconds": 20.385, "case": "live", "event": "console", "value": "end getProgramParameter 0ms"}
{"seconds": 20.385, "case": "live", "event": "console", "value": "begin getProgramParameter 35718"}
{"seconds": 20.385, "case": "live", "event": "console", "value": "end getProgramParameter 0ms"}
{"seconds": 20.385, "case": "live", "event": "console", "value": "begin getProgramParameter 35718"}
{"seconds": 20.385, "case": "live", "event": "console", "value": "end getProgramParameter 0ms"}
{"seconds": 20.386, "case": "live", "event": "console", "value": "begin getProgramParameter 35718"}
{"seconds": 20.386, "case": "live", "event": "console", "value": "end getProgramParameter 0ms"}
{"seconds": 20.386, "case": "live", "event": "console", "value": "begin getProgramParameter 35718"}
{"seconds": 20.387, "case": "live", "event": "console", "value": "end getProgramParameter 0ms"}
{"seconds": 20.387, "case": "live", "event": "console", "value": "begin getProgramParameter 35718"}
{"seconds": 20.387, "case": "live", "event": "console", "value": "end getProgramParameter 0ms"}
{"seconds": 20.387, "case": "live", "event": "console", "value": "begin getProgramParameter 35718"}
{"seconds": 20.388, "case": "live", "event": "console", "value": "end getProgramParameter 0ms"}
{"seconds": 20.388, "case": "live", "event": "console", "value": "begin getProgramParameter 35718"}
{"seconds": 20.388, "case": "live", "event": "console", "value": "end getProgramParameter 0ms"}
{"seconds": 20.39, "case": "live", "event": "console", "value": "begin getProgramParameter 35718"}
{"seconds": 20.39, "case": "live", "event": "console", "value": "end getProgramParameter 0ms"}
{"seconds": 20.39, "case": "live", "event": "console", "value": "begin getProgramParameter 35718"}
{"seconds": 20.39, "case": "live", "event": "console", "value": "end getProgramParameter 1ms"}
{"seconds": 20.391, "case": "live", "event": "console", "value": "begin getProgramParameter 35718"}
{"seconds": 20.391, "case": "live", "event": "console", "value": "end getProgramParameter 0ms"}
{"seconds": 20.391, "case": "live", "event": "console", "value": "begin getProgramParameter 35718"}
{"seconds": 20.391, "case": "live", "event": "console", "value": "end getProgramParameter 0ms"}
{"seconds": 20.391, "case": "live", "event": "console", "value": "begin getProgramParameter 35718"}
{"seconds": 20.392, "case": "live", "event": "console", "value": "end getProgramParameter 0ms"}
{"seconds": 20.392, "case": "live", "event": "console", "value": "begin getProgramParameter 35718"}
{"seconds": 20.392, "case": "live", "event": "console", "value": "end getProgramParameter 0ms"}
{"seconds": 20.392, "case": "live", "event": "console", "value": "begin getProgramParameter 35718"}
{"seconds": 20.392, "case": "live", "event": "console", "value": "end getProgramParameter 0ms"}
{"seconds": 20.392, "case": "live", "event": "console", "value": "begin getProgramParameter 35718"}
{"seconds": 20.392, "case": "live", "event": "console", "value": "end getProgramParameter 0ms"}
{"seconds": 20.393, "case": "live", "event": "console", "value": "begin getProgramParameter 35718"}
{"seconds": 20.393, "case": "live", "event": "console", "value": "end getProgramParameter 0ms"}
{"seconds": 20.393, "case": "live", "event": "console", "value": "begin getProgramParameter 35718"}
{"seconds": 20.393, "case": "live", "event": "console", "value": "end getProgramParameter 0ms"}
{"seconds": 20.393, "case": "live", "event": "console", "value": "begin getProgramParameter 35718"}
{"seconds": 20.394, "case": "live", "event": "console", "value": "end getProgramParameter 0ms"}
{"seconds": 20.394, "case": "live", "event": "console", "value": "begin getProgramParameter 35718"}
{"seconds": 20.394, "case": "live", "event": "console", "value": "end getProgramParameter 0ms"}
{"seconds": 20.394, "case": "live", "event": "console", "value": "begin getProgramParameter 35718"}
{"seconds": 20.394, "case": "live", "event": "console", "value": "end getProgramParameter 0ms"}
{"seconds": 20.395, "case": "live", "event": "console", "value": "begin getProgramParameter 35718"}
{"seconds": 20.395, "case": "live", "event": "console", "value": "end getProgramParameter 0ms"}
{"seconds": 20.395, "case": "live", "event": "console", "value": "begin getProgramParameter 35718"}
{"seconds": 20.395, "case": "live", "event": "console", "value": "end getProgramParameter 0ms"}
{"seconds": 20.395, "case": "live", "event": "console", "value": "begin getProgramParameter 35718"}
{"seconds": 20.396, "case": "live", "event": "console", "value": "end getProgramParameter 0ms"}
{"seconds": 20.396, "case": "live", "event": "console", "value": "begin getProgramParameter 35718"}
{"seconds": 20.396, "case": "live", "event": "console", "value": "end getProgramParameter 0ms"}
{"seconds": 20.396, "case": "live", "event": "console", "value": "begin getProgramParameter 35718"}
{"seconds": 20.397, "case": "live", "event": "console", "value": "end getProgramParameter 0ms"}
{"seconds": 20.397, "case": "live", "event": "console", "value": "begin getProgramParameter 35718"}
{"seconds": 20.397, "case": "live", "event": "console", "value": "end getProgramParameter 0ms"}
{"seconds": 20.397, "case": "live", "event": "console", "value": "begin getProgramParameter 35718"}
{"seconds": 20.397, "case": "live", "event": "console", "value": "end getProgramParameter 0ms"}
{"seconds": 20.399, "case": "live", "event": "console", "value": "begin getProgramParameter 35718"}
{"seconds": 20.4, "case": "live", "event": "console", "value": "end getProgramParameter 0ms"}
{"seconds": 20.4, "case": "live", "event": "console", "value": "begin getProgramParameter 35718"}
{"seconds": 20.401, "case": "live", "event": "console", "value": "end getProgramParameter 0ms"}
{"seconds": 20.401, "case": "live", "event": "console", "value": "begin getProgramParameter 35718"}
{"seconds": 20.401, "case": "live", "event": "console", "value": "end getProgramParameter 0ms"}
{"seconds": 20.402, "case": "live", "event": "console", "value": "begin getProgramParameter 35718"}
{"seconds": 20.402, "case": "live", "event": "console", "value": "end getProgramParameter 0ms"}
{"seconds": 20.402, "case": "live", "event": "console", "value": "begin getProgramParameter 35718"}
{"seconds": 20.402, "case": "live", "event": "console", "value": "end getProgramParameter 0ms"}
{"seconds": 20.403, "case": "live", "event": "console", "value": "begin getProgramParameter 35718"}
{"seconds": 20.404, "case": "live", "event": "console", "value": "end getProgramParameter 0ms"}
{"seconds": 20.404, "case": "live", "event": "console", "value": "begin getProgramParameter 35718"}
{"seconds": 20.405, "case": "live", "event": "console", "value": "end getProgramParameter 0ms"}
{"seconds": 20.405, "case": "live", "event": "console", "value": "begin getProgramParameter 35718"}
{"seconds": 20.406, "case": "live", "event": "console", "value": "end getProgramParameter 1ms"}
{"seconds": 20.406, "case": "live", "event": "console", "value": "begin getProgramParameter 35718"}
{"seconds": 20.406, "case": "live", "event": "console", "value": "end getProgramParameter 0ms"}
{"seconds": 20.406, "case": "live", "event": "console", "value": "begin getProgramParameter 35718"}
{"seconds": 20.406, "case": "live", "event": "console", "value": "end getProgramParameter 1ms"}
{"seconds": 20.406, "case": "live", "event": "console", "value": "begin getProgramParameter 35718"}
{"seconds": 20.407, "case": "live", "event": "console", "value": "end getProgramParameter 1ms"}
{"seconds": 20.407, "case": "live", "event": "console", "value": "begin getProgramParameter 35718"}
{"seconds": 20.407, "case": "live", "event": "console", "value": "end getProgramParameter 0ms"}
{"seconds": 20.407, "case": "live", "event": "console", "value": "begin getProgramParameter 35718"}
{"seconds": 20.407, "case": "live", "event": "console", "value": "end getProgramParameter 0ms"}
{"seconds": 20.407, "case": "live", "event": "console", "value": "begin getProgramParameter 35718"}
{"seconds": 20.407, "case": "live", "event": "console", "value": "end getProgramParameter 0ms"}
{"seconds": 20.407, "case": "live", "event": "console", "value": "begin getProgramParameter 35718"}
{"seconds": 20.407, "case": "live", "event": "console", "value": "end getProgramParameter 0ms"}
{"seconds": 20.407, "case": "live", "event": "console", "value": "begin getProgramParameter 35718"}
{"seconds": 20.408, "case": "live", "event": "console", "value": "end getProgramParameter 0ms"}
{"seconds": 20.408, "case": "live", "event": "console", "value": "begin getProgramParameter 35718"}
{"seconds": 20.408, "case": "live", "event": "console", "value": "end getProgramParameter 0ms"}
{"seconds": 20.408, "case": "live", "event": "console", "value": "begin getProgramParameter 35718"}
{"seconds": 20.408, "case": "live", "event": "console", "value": "end getProgramParameter 0ms"}
{"seconds": 20.408, "case": "live", "event": "console", "value": "begin drawArrays 0"}
{"seconds": 20.408, "case": "live", "event": "console", "value": "end drawArrays 1ms"}
