PROGRAM REUSE [{"amount":0,"count":2},{"amount":0.05,"count":2,"ms":3685.7999999970198},{"amount":0.15,"count":2,"ms":9.899999991059303},{"amount":0.35,"count":2,"ms":9.200000002980232},{"amount":0.7,"count":2,"ms":9.700000002980232},{"amount":1,"count":2,"ms":9.100000008940697}]
CACHE [{"kind":"reuse","key":"rotateX","before":5,"after":5},{"kind":"reuse","key":"rotateY","before":5,"after":5},{"kind":"reuse","key":"rotateZ","before":5,"after":5},{"kind":"reuse","key":"scale","before":5,"after":5},{"kind":"reuse","key":"positionX","before":5,"after":5},{"kind":"reuse","key":"positionY","before":5,"after":5},{"kind":"reuse","key":"stretchX","before":5,"after":5},{"kind":"reuse","key":"stretchY","before":5,"after":5},{"kind":"reuse","key":"stretchZ","before":5,"after":5},{"kind":"reuse","key":"volume","before":5,"after":5},{"kind":"reuse","key":"roughness","before":5,"after":5},{"kind":"reuse","key":"metal","before":5,"after":5},{"kind":"reuse","key":"gloss","before":5,"after":5},{"kind":"reuse","key":"background","before":5,"after":5},{"kind":"reuse","key":"bgMode","before":5,"after":5},{"kind":"reuse","key":"light-position","before":5,"after":5},{"kind":"reuse","key":"light-color","before":5,"after":5},{"kind":"reuse","key":"palette","before":5,"after":5},{"kind":"reuse","key":"material","before":5,"after":5},{"kind":"rebuild","key":"petalAmount","before":5,"after":6},{"kind":"rebuild","key":"petalOpen","before":6,"after":7},{"kind":"rebuild","key":"petalCurl","before":7,"after":8},{"kind":"rebuild","key":"petalWidth","before":8,"after":9},{"kind":"rebuild","key":"petalCount","before":9,"after":10},{"kind":"rebuild","key":"deform","before":10,"after":11},{"kind":"rebuild","key":"twist","before":11,"after":12},{"kind":"rebuild","key":"hole","before":12,"after":13}]
ANIMATION CACHE [{"frame":0,"ms":2973,"before":13,"after":14},{"frame":1,"ms":18.599999994039536,"before":14,"after":15},{"frame":2,"ms":18.399999991059303,"before":15,"after":16},{"frame":3,"ms":17.700000002980232,"before":16,"after":17},{"frame":4,"ms":17.900000005960464,"before":17,"after":18},{"frame":5,"ms":21.600000008940697,"before":18,"after":19},{"frame":6,"ms":16.19999998807907,"before":19,"after":20},{"frame":7,"ms":16,"before":20,"after":21}]
REFERENCE partial petals 96 7300.5ms
REFERENCE partial petals 256 27.9ms
GEOMETRY {"name":"partial petals","size":96,"quality":"fast","ms":10.799999997019768,"iou":0.9558823529411765,"silhouetteMismatches":90,"meanNormalChannelDifference":9.956068376068377}
GEOMETRY {"name":"partial petals","size":256,"quality":"fast","ms":14.700000002980232,"iou":0.9613870276991089,"silhouetteMismatches":559,"meanNormalChannelDifference":10.090410499592853}
GEOMETRY {"name":"partial petals","size":96,"quality":"balanced","ms":19.599999994039536,"iou":0.960822722820764,"silhouetteMismatches":80,"meanNormalChannelDifference":14.521576622494054}
GEOMETRY {"name":"partial petals","size":256,"quality":"balanced","ms":19.900000005960464,"iou":0.9623188405797102,"silhouetteMismatches":546,"meanNormalChannelDifference":14.38496844520941}
REFERENCE organic needles 96 11522.7ms
REFERENCE organic needles 256 236.0ms
GEOMETRY {"name":"organic needles","size":96,"quality":"fast","ms":23.599999994039536,"iou":0.8456375838926175,"silhouetteMismatches":529,"meanNormalChannelDifference":27.311364159190248}
GEOMETRY {"name":"organic needles","size":256,"quality":"fast","ms":22.30000001192093,"iou":0.8376498506607749,"silhouetteMismatches":3968,"meanNormalChannelDifference":27.612790830199124}
GEOMETRY {"name":"organic needles","size":96,"quality":"balanced","ms":78.3999999910593,"iou":0.891213389121339,"silhouetteMismatches":390,"meanNormalChannelDifference":27.754094940010432}
GEOMETRY {"name":"organic needles","size":256,"quality":"balanced","ms":23.100000008940697,"iou":0.8898556379243074,"silhouetteMismatches":2823,"meanNormalChannelDifference":27.345288727145174}
MATERIAL bubble 30.6ms
MATERIAL water 41.9ms
MATERIAL metal 18.3ms
MATERIAL sss 3688.6ms
Traceback (most recent call last):
  File "/workspace/prisma-fast-audit/atlas-check.py", line 45, in <module>
    m=result['metrics'];assert all(x['before']==x['after'] for x in m['cache'] if x['kind']=='reuse'),m['cache'];assert all(x['after']>x['before'] for x in m['cache'] if x['kind']=='rebuild'),m['cache'];assert len(set(x['count'] for x in m['programs']))==1,m['programs'];assert all(x['iou']>.94 for x in m['geometry']),m['geometry'];assert not errors,errors
                                                                                                                                                                                                                                                                                      ^^^^^^^^^^^^^^^^^^^^^^^^^^^^^^^^^^^^^^^^
AssertionError: [{'name': 'partial petals', 'size': 96, 'quality': 'fast', 'ms': 10.799999997019768, 'iou': 0.9558823529411765, 'silhouetteMismatches': 90, 'meanNormalChannelDifference': 9.956068376068377}, {'name': 'partial petals', 'size': 256, 'quality': 'fast', 'ms': 14.700000002980232, 'iou': 0.9613870276991089, 'silhouetteMismatches': 559, 'meanNormalChannelDifference': 10.090410499592853}, {'name': 'partial petals', 'size': 96, 'quality': 'balanced', 'ms': 19.599999994039536, 'iou': 0.960822722820764, 'silhouetteMismatches': 80, 'meanNormalChannelDifference': 14.521576622494054}, {'name': 'partial petals', 'size': 256, 'quality': 'balanced', 'ms': 19.900000005960464, 'iou': 0.9623188405797102, 'silhouetteMismatches': 546, 'meanNormalChannelDifference': 14.38496844520941}, {'name': 'organic needles', 'size': 96, 'quality': 'fast', 'ms': 23.599999994039536, 'iou': 0.8456375838926175, 'silhouetteMismatches': 529, 'meanNormalChannelDifference': 27.311364159190248}, {'name': 'organic needles', 'size': 256, 'quality': 'fast', 'ms': 22.30000001192093, 'iou': 0.8376498506607749, 'silhouetteMismatches': 3968, 'meanNormalChannelDifference': 27.612790830199124}, {'name': 'organic needles', 'size': 96, 'quality': 'balanced', 'ms': 78.3999999910593, 'iou': 0.891213389121339, 'silhouetteMismatches': 390, 'meanNormalChannelDifference': 27.754094940010432}, {'name': 'organic needles', 'size': 256, 'quality': 'balanced', 'ms': 23.100000008940697, 'iou': 0.8898556379243074, 'silhouetteMismatches': 2823, 'meanNormalChannelDifference': 27.345288727145174}]
