HARDWARE {"name":"ANGLE (Mesa, llvmpipe (LLVM 19.1.7 256 bits), OpenGL ES 3.2)","software":true,"powerPreference":"high-performance","timingAvailable":true}
BEGIN final 96px petalAmount=0
CASE {"size":96,"amount":0,"first":{"prepareMs":620.9000000059605,"submitMs":52.8999999910593,"gpuWaitMs":4933.100000008941,"totalMs":5606.9000000059605,"maxHeartbeatGapMs":57.70000000298023,"heartbeatTicks":694,"programs":2,"growthUploads":1},"warm":[{"prepareMs":0.10000000894069672,"submitMs":0.5999999940395355,"gpuWaitMs":12.5,"totalMs":13.200000002980232,"maxHeartbeatGapMs":8.099999994039536,"heartbeatTicks":4,"programs":2,"growthUploads":1},{"prepareMs":0,"submitMs":0.5,"gpuWaitMs":13.299999997019768,"totalMs":13.799999997019768,"maxHeartbeatGapMs":11.300000011920929,"heartbeatTicks":5,"programs":2,"growthUploads":1},{"prepareMs":0.09999999403953552,"submitMs":0.29999999701976776,"gpuWa
BEGIN final 96px petalAmount=0.05
CASE {"size":96,"amount":0.05,"first":{"prepareMs":0,"submitMs":11.700000002980232,"gpuWaitMs":20.900000005960464,"totalMs":32.6000000089407,"maxHeartbeatGapMs":12.300000011920929,"heartbeatTicks":6,"programs":2,"growthUploads":1,"fieldUploads":1,"fieldResolution":48},"warm":[{"prepareMs":0,"submitMs":0.4000000059604645,"gpuWaitMs":11,"totalMs":11.400000005960464,"maxHeartbeatGapMs":8.400000005960464,"heartbeatTicks":4,"programs":2,"growthUploads":1,"fieldUploads":1,"fieldResolution":48},{"prepareMs":0,"submitMs":0.5,"gpuWaitMs":13.299999997019768,"totalMs":13.799999997019768,"maxHeartbeatGapMs":8.5,"heartbeatTicks":5,"programs":2,"growthUploads":1,"fieldUploads":1,"fieldResolution":48},{"pr
BEGIN final 96px petalAmount=0.15
CASE {"size":96,"amount":0.15,"first":{"prepareMs":0,"submitMs":21.900000005960464,"gpuWaitMs":17.5,"totalMs":39.400000005960464,"maxHeartbeatGapMs":28.900000005960464,"heartbeatTicks":6,"programs":2,"growthUploads":1,"fieldUploads":2,"fieldResolution":48},"warm":[{"prepareMs":0.09999999403953552,"submitMs":0.30000001192092896,"gpuWaitMs":14.799999997019768,"totalMs":15.200000002980232,"maxHeartbeatGapMs":8.099999994039536,"heartbeatTicks":4,"programs":2,"growthUploads":1,"fieldUploads":2,"fieldResolution":48},{"prepareMs":0,"submitMs":0.7000000029802322,"gpuWaitMs":11.799999997019768,"totalMs":12.5,"maxHeartbeatGapMs":8.099999994039536,"heartbeatTicks":4,"programs":2,"growthUploads":1,"fiel
BEGIN final 96px petalAmount=0.35
CASE {"size":96,"amount":0.35,"first":{"prepareMs":0,"submitMs":1.2000000029802322,"gpuWaitMs":12.400000005960464,"totalMs":13.600000008940697,"maxHeartbeatGapMs":8.099999994039536,"heartbeatTicks":4,"programs":2,"growthUploads":1,"fieldUploads":3,"fieldResolution":48},"warm":[{"prepareMs":0.09999999403953552,"submitMs":0.29999999701976776,"gpuWaitMs":8.900000005960464,"totalMs":9.299999997019768,"maxHeartbeatGapMs":8.100000008940697,"heartbeatTicks":4,"programs":2,"growthUploads":1,"fieldUploads":3,"fieldResolution":48},{"prepareMs":0,"submitMs":0.29999999701976776,"gpuWaitMs":8.299999997019768,"totalMs":8.599999994039536,"maxHeartbeatGapMs":8,"heartbeatTicks":3,"programs":2,"growthUploads"
BEGIN final 96px petalAmount=0.7
CASE {"size":96,"amount":0.7,"first":{"prepareMs":0,"submitMs":1.7000000029802322,"gpuWaitMs":16.900000005960464,"totalMs":18.600000008940697,"maxHeartbeatGapMs":8.099999994039536,"heartbeatTicks":5,"programs":2,"growthUploads":1,"fieldUploads":4,"fieldResolution":48},"warm":[{"prepareMs":0.10000000894069672,"submitMs":0.29999999701976776,"gpuWaitMs":8.399999991059303,"totalMs":8.799999997019768,"maxHeartbeatGapMs":8.400000005960464,"heartbeatTicks":4,"programs":2,"growthUploads":1,"fieldUploads":4,"fieldResolution":48},{"prepareMs":0.09999999403953552,"submitMs":0.29999999701976776,"gpuWaitMs":11.300000011920929,"totalMs":11.700000002980232,"maxHeartbeatGapMs":8.099999994039536,"heartbeatTi
BEGIN final 96px petalAmount=1
CASE {"size":96,"amount":1,"first":{"prepareMs":0,"submitMs":1.4000000059604645,"gpuWaitMs":18.400000005960464,"totalMs":19.80000001192093,"maxHeartbeatGapMs":8.200000002980232,"heartbeatTicks":5,"programs":2,"growthUploads":1,"fieldUploads":5,"fieldResolution":48},"warm":[{"prepareMs":0.09999999403953552,"submitMs":0.6000000089406967,"gpuWaitMs":8.399999991059303,"totalMs":9.099999994039536,"maxHeartbeatGapMs":8.299999997019768,"heartbeatTicks":4,"programs":2,"growthUploads":1,"fieldUploads":5,"fieldResolution":48},{"prepareMs":0,"submitMs":0.30000001192092896,"gpuWaitMs":20.899999991059303,"totalMs":21.200000002980232,"maxHeartbeatGapMs":8.099999994039536,"heartbeatTicks":6,"programs":2,"g
BEGIN final 256px petalAmount=0
CASE {"size":256,"amount":0,"first":{"prepareMs":0,"submitMs":2.2999999970197678,"gpuWaitMs":53.599999994039536,"totalMs":55.8999999910593,"maxHeartbeatGapMs":8,"heartbeatTicks":10,"programs":2,"growthUploads":1,"fieldUploads":5,"fieldResolution":48},"warm":[{"prepareMs":0,"submitMs":0.30000001192092896,"gpuWaitMs":13.799999997019768,"totalMs":14.100000008940697,"maxHeartbeatGapMs":8,"heartbeatTicks":4,"programs":2,"growthUploads":1,"fieldUploads":5,"fieldResolution":48},{"prepareMs":0,"submitMs":0.7999999970197678,"gpuWaitMs":13.399999991059303,"totalMs":14.199999988079071,"maxHeartbeatGapMs":8.5,"heartbeatTicks":5,"programs":2,"growthUploads":1,"fieldUploads":5,"fieldResolution":48},{"prep
BEGIN final 256px petalAmount=0.05
CASE {"size":256,"amount":0.05,"first":{"prepareMs":0,"submitMs":0.7999999970197678,"gpuWaitMs":74.6000000089407,"totalMs":75.40000000596046,"maxHeartbeatGapMs":9,"heartbeatTicks":12,"programs":2,"growthUploads":1,"fieldUploads":6,"fieldResolution":48},"warm":[{"prepareMs":0,"submitMs":0.6000000089406967,"gpuWaitMs":29.399999991059303,"totalMs":30,"maxHeartbeatGapMs":8.799999997019768,"heartbeatTicks":6,"programs":2,"growthUploads":1,"fieldUploads":6,"fieldResolution":48},{"prepareMs":0,"submitMs":0.29999999701976776,"gpuWaitMs":76.20000000298023,"totalMs":76.5,"maxHeartbeatGapMs":8.099999994039536,"heartbeatTicks":12,"programs":2,"growthUploads":1,"fieldUploads":6,"fieldResolution":48},{"pr
BEGIN final 256px petalAmount=0.15
CASE {"size":256,"amount":0.15,"first":{"prepareMs":0.09999999403953552,"submitMs":1.2000000029802322,"gpuWaitMs":32.70000000298023,"totalMs":34,"maxHeartbeatGapMs":9.599999994039536,"heartbeatTicks":7,"programs":2,"growthUploads":1,"fieldUploads":7,"fieldResolution":48},"warm":[{"prepareMs":0.09999999403953552,"submitMs":1.7999999970197678,"gpuWaitMs":35.1000000089407,"totalMs":37,"maxHeartbeatGapMs":9.800000011920929,"heartbeatTicks":7,"programs":2,"growthUploads":1,"fieldUploads":7,"fieldResolution":48},{"prepareMs":0.10000000894069672,"submitMs":0.29999999701976776,"gpuWaitMs":59,"totalMs":59.400000005960464,"maxHeartbeatGapMs":12.900000005960464,"heartbeatTicks":10,"programs":2,"growthU
BEGIN final 256px petalAmount=0.35
CASE {"size":256,"amount":0.35,"first":{"prepareMs":0,"submitMs":1.7000000029802322,"gpuWaitMs":41,"totalMs":42.70000000298023,"maxHeartbeatGapMs":12.799999997019768,"heartbeatTicks":8,"programs":2,"growthUploads":1,"fieldUploads":8,"fieldResolution":48},"warm":[{"prepareMs":0,"submitMs":0.6000000089406967,"gpuWaitMs":46.70000000298023,"totalMs":47.30000001192093,"maxHeartbeatGapMs":17.899999991059303,"heartbeatTicks":7,"programs":2,"growthUploads":1,"fieldUploads":8,"fieldResolution":48},{"prepareMs":0.09999999403953552,"submitMs":0.30000001192092896,"gpuWaitMs":25.099999994039536,"totalMs":25.5,"maxHeartbeatGapMs":11.900000005960464,"heartbeatTicks":5,"programs":2,"growthUploads":1,"fieldU
BEGIN final 256px petalAmount=0.7
CASE {"size":256,"amount":0.7,"first":{"prepareMs":0.10000000894069672,"submitMs":1.0999999940395355,"gpuWaitMs":60,"totalMs":61.20000000298023,"maxHeartbeatGapMs":12.900000005960464,"heartbeatTicks":11,"programs":2,"growthUploads":1,"fieldUploads":9,"fieldResolution":48},"warm":[{"prepareMs":0.10000000894069672,"submitMs":0.29999999701976776,"gpuWaitMs":62.8999999910593,"totalMs":63.29999999701977,"maxHeartbeatGapMs":8.800000011920929,"heartbeatTicks":11,"programs":2,"growthUploads":1,"fieldUploads":9,"fieldResolution":48},{"prepareMs":0.10000000894069672,"submitMs":0.19999998807907104,"gpuWaitMs":87.1000000089407,"totalMs":87.40000000596046,"maxHeartbeatGapMs":8.099999994039536,"heartbeatT
BEGIN final 256px petalAmount=1
CASE {"size":256,"amount":1,"first":{"prepareMs":0,"submitMs":1.1000000089406967,"gpuWaitMs":32.79999999701977,"totalMs":33.900000005960464,"maxHeartbeatGapMs":9.300000011920929,"heartbeatTicks":6,"programs":2,"growthUploads":1,"fieldUploads":10,"fieldResolution":48},"warm":[{"prepareMs":0.09999999403953552,"submitMs":0.4000000059604645,"gpuWaitMs":49.599999994039536,"totalMs":50.099999994039536,"maxHeartbeatGapMs":8.099999994039536,"heartbeatTicks":9,"programs":2,"growthUploads":1,"fieldUploads":10,"fieldResolution":48},{"prepareMs":0.09999999403953552,"submitMs":0.20000000298023224,"gpuWaitMs":24.299999997019768,"totalMs":24.599999994039536,"maxHeartbeatGapMs":13.599999994039536,"heartbeat
ANIMATION 0 22.4ms
ANIMATION 1 15.4ms
ANIMATION 2 13.6ms
ANIMATION 3 13.1ms
ANIMATION 4 15.9ms
ANIMATION 5 19.2ms
ANIMATION 6 14.6ms
ANIMATION 7 14.8ms
ANIMATION 8 11.4ms
ANIMATION 9 12.9ms
ANIMATION 10 11.8ms
ANIMATION 11 12.6ms
PARTIAL PETAL REGRESSION PASS
